[0.371s] Invoking command in '/home/lohith/yolobot/build/yolobot_gazebo': CMAKE_PREFIX_PATH=${CMAKE_PREFIX_PATH}:/home/lohith/ros2_ws/install/whisper_demos:/home/lohith/ros2_ws/install/move_robot_square:/home/lohith/ros2_ws/install/diff_drive_square:/home/lohith/ros2_ws/install/audio_listener:/home/lohith/install/turtlesim_goal:/home/lohith/install/turtlebot3_pid_control:/home/lohith/install/second_pkg:/home/lohith/install/robot_math:/home/lohith/install/my_py_pkg:/home/lohith/install/my_py1_pkg:/home/lohith/install/lidar_reader:/home/lohith/install/hello_pkg:/home/lohith/install/fouth_pkg:/home/lohith/install/first_pkg:/home/lohith/install/differential_drive_sim:/home/lohith/install/controller:/home/lohith/install/Third_pkg:/opt/ros/humble /usr/bin/cmake /home/lohith/yolobot/src/yolobot_gazebo -DCMAKE_INSTALL_PREFIX=/home/lohith/yolobot/install/yolobot_gazebo
[1.875s] -- The C compiler identification is GNU 11.4.0
[2.890s] -- The CXX compiler identification is GNU 11.4.0
[2.972s] -- Detecting C compiler ABI info
[3.755s] -- Detecting C compiler ABI info - done
[3.828s] -- Check for working C compiler: /usr/bin/cc - skipped
[3.843s] -- Detecting C compile features
[3.845s] -- Detecting C compile features - done
[3.864s] -- Detecting CXX compiler ABI info
[4.345s] -- Detecting CXX compiler ABI info - done
[4.377s] -- Check for working CXX compiler: /usr/bin/c++ - skipped
[4.377s] -- Detecting CXX compile features
[4.378s] -- Detecting CXX compile features - done
[4.577s] -- Found ament_cmake: 1.3.11 (/opt/ros/humble/share/ament_cmake/cmake)
[5.869s] -- Found Python3: /usr/bin/python3 (found version "3.10.12") found components: Interpreter 
[6.837s] -- Found rclpy: 3.3.15 (/opt/ros/humble/share/rclpy/cmake)
[6.870s] -- Found ament_lint_auto: 0.12.11 (/opt/ros/humble/share/ament_lint_auto/cmake)
[8.054s] -- Added test 'copyright' to check source files copyright and LICENSE
[8.119s] -- Added test 'flake8' to check Python code syntax and style conventions
[8.120s] -- Added test 'lint_cmake' to check CMake code style
[8.122s] -- Added test 'pep257' to check Python code against some of the docstring style conventions in PEP 257
[8.150s] -- Added test 'xmllint' to check XML markup files
[8.154s] -- Configuring done
[8.208s] -- Generating done
[8.209s] -- Build files have been written to: /home/lohith/yolobot/build/yolobot_gazebo
[8.226s] Invoked command in '/home/lohith/yolobot/build/yolobot_gazebo' returned '0': CMAKE_PREFIX_PATH=${CMAKE_PREFIX_PATH}:/home/lohith/ros2_ws/install/whisper_demos:/home/lohith/ros2_ws/install/move_robot_square:/home/lohith/ros2_ws/install/diff_drive_square:/home/lohith/ros2_ws/install/audio_listener:/home/lohith/install/turtlesim_goal:/home/lohith/install/turtlebot3_pid_control:/home/lohith/install/second_pkg:/home/lohith/install/robot_math:/home/lohith/install/my_py_pkg:/home/lohith/install/my_py1_pkg:/home/lohith/install/lidar_reader:/home/lohith/install/hello_pkg:/home/lohith/install/fouth_pkg:/home/lohith/install/first_pkg:/home/lohith/install/differential_drive_sim:/home/lohith/install/controller:/home/lohith/install/Third_pkg:/opt/ros/humble /usr/bin/cmake /home/lohith/yolobot/src/yolobot_gazebo -DCMAKE_INSTALL_PREFIX=/home/lohith/yolobot/install/yolobot_gazebo
[8.227s] Invoking command in '/home/lohith/yolobot/build/yolobot_gazebo': CMAKE_PREFIX_PATH=${CMAKE_PREFIX_PATH}:/home/lohith/ros2_ws/install/whisper_demos:/home/lohith/ros2_ws/install/move_robot_square:/home/lohith/ros2_ws/install/diff_drive_square:/home/lohith/ros2_ws/install/audio_listener:/home/lohith/install/turtlesim_goal:/home/lohith/install/turtlebot3_pid_control:/home/lohith/install/second_pkg:/home/lohith/install/robot_math:/home/lohith/install/my_py_pkg:/home/lohith/install/my_py1_pkg:/home/lohith/install/lidar_reader:/home/lohith/install/hello_pkg:/home/lohith/install/fouth_pkg:/home/lohith/install/first_pkg:/home/lohith/install/differential_drive_sim:/home/lohith/install/controller:/home/lohith/install/Third_pkg:/opt/ros/humble /usr/bin/cmake --build /home/lohith/yolobot/build/yolobot_gazebo -- -j5 -l5
[8.462s] Invoked command in '/home/lohith/yolobot/build/yolobot_gazebo' returned '0': CMAKE_PREFIX_PATH=${CMAKE_PREFIX_PATH}:/home/lohith/ros2_ws/install/whisper_demos:/home/lohith/ros2_ws/install/move_robot_square:/home/lohith/ros2_ws/install/diff_drive_square:/home/lohith/ros2_ws/install/audio_listener:/home/lohith/install/turtlesim_goal:/home/lohith/install/turtlebot3_pid_control:/home/lohith/install/second_pkg:/home/lohith/install/robot_math:/home/lohith/install/my_py_pkg:/home/lohith/install/my_py1_pkg:/home/lohith/install/lidar_reader:/home/lohith/install/hello_pkg:/home/lohith/install/fouth_pkg:/home/lohith/install/first_pkg:/home/lohith/install/differential_drive_sim:/home/lohith/install/controller:/home/lohith/install/Third_pkg:/opt/ros/humble /usr/bin/cmake --build /home/lohith/yolobot/build/yolobot_gazebo -- -j5 -l5
[8.575s] Invoking command in '/home/lohith/yolobot/build/yolobot_gazebo': CMAKE_PREFIX_PATH=${CMAKE_PREFIX_PATH}:/home/lohith/ros2_ws/install/whisper_demos:/home/lohith/ros2_ws/install/move_robot_square:/home/lohith/ros2_ws/install/diff_drive_square:/home/lohith/ros2_ws/install/audio_listener:/home/lohith/install/turtlesim_goal:/home/lohith/install/turtlebot3_pid_control:/home/lohith/install/second_pkg:/home/lohith/install/robot_math:/home/lohith/install/my_py_pkg:/home/lohith/install/my_py1_pkg:/home/lohith/install/lidar_reader:/home/lohith/install/hello_pkg:/home/lohith/install/fouth_pkg:/home/lohith/install/first_pkg:/home/lohith/install/differential_drive_sim:/home/lohith/install/controller:/home/lohith/install/Third_pkg:/opt/ros/humble /usr/bin/cmake --install /home/lohith/yolobot/build/yolobot_gazebo
[8.657s] -- Install configuration: ""
[8.657s] -- Installing: /home/lohith/yolobot/install/yolobot_gazebo/share/yolobot_gazebo//launch
[8.658s] -- Installing: /home/lohith/yolobot/install/yolobot_gazebo/share/yolobot_gazebo//launch/yolobot_launch.py
[8.658s] -- Installing: /home/lohith/yolobot/install/yolobot_gazebo/share/yolobot_gazebo//launch/start_world_launch.py
[8.658s] -- Installing: /home/lohith/yolobot/install/yolobot_gazebo/share/yolobot_gazebo//worlds
[8.658s] -- Installing: /home/lohith/yolobot/install/yolobot_gazebo/share/yolobot_gazebo//worlds/yolo_test.world
[8.658s] -- Installing: /home/lohith/yolobot/install/yolobot_gazebo/share/ament_index/resource_index/package_run_dependencies/yolobot_gazebo
[8.659s] -- Installing: /home/lohith/yolobot/install/yolobot_gazebo/share/ament_index/resource_index/parent_prefix_path/yolobot_gazebo
[8.659s] -- Installing: /home/lohith/yolobot/install/yolobot_gazebo/share/yolobot_gazebo/environment/ament_prefix_path.sh
[8.659s] -- Installing: /home/lohith/yolobot/install/yolobot_gazebo/share/yolobot_gazebo/environment/ament_prefix_path.dsv
[8.659s] -- Installing: /home/lohith/yolobot/install/yolobot_gazebo/share/yolobot_gazebo/environment/path.sh
[8.659s] -- Installing: /home/lohith/yolobot/install/yolobot_gazebo/share/yolobot_gazebo/environment/path.dsv
[8.659s] -- Installing: /home/lohith/yolobot/install/yolobot_gazebo/share/yolobot_gazebo/local_setup.bash
[8.660s] -- Installing: /home/lohith/yolobot/install/yolobot_gazebo/share/yolobot_gazebo/local_setup.sh
[8.660s] -- Installing: /home/lohith/yolobot/install/yolobot_gazebo/share/yolobot_gazebo/local_setup.zsh
[8.666s] -- Installing: /home/lohith/yolobot/install/yolobot_gazebo/share/yolobot_gazebo/local_setup.dsv
[8.673s] -- Installing: /home/lohith/yolobot/install/yolobot_gazebo/share/yolobot_gazebo/package.dsv
[8.674s] -- Installing: /home/lohith/yolobot/install/yolobot_gazebo/share/ament_index/resource_index/packages/yolobot_gazebo
[8.674s] -- Installing: /home/lohith/yolobot/install/yolobot_gazebo/share/yolobot_gazebo/cmake/yolobot_gazeboConfig.cmake
[8.674s] -- Installing: /home/lohith/yolobot/install/yolobot_gazebo/share/yolobot_gazebo/cmake/yolobot_gazeboConfig-version.cmake
[8.674s] -- Installing: /home/lohith/yolobot/install/yolobot_gazebo/share/yolobot_gazebo/package.xml
[8.764s] Invoked command in '/home/lohith/yolobot/build/yolobot_gazebo' returned '0': CMAKE_PREFIX_PATH=${CMAKE_PREFIX_PATH}:/home/lohith/ros2_ws/install/whisper_demos:/home/lohith/ros2_ws/install/move_robot_square:/home/lohith/ros2_ws/install/diff_drive_square:/home/lohith/ros2_ws/install/audio_listener:/home/lohith/install/turtlesim_goal:/home/lohith/install/turtlebot3_pid_control:/home/lohith/install/second_pkg:/home/lohith/install/robot_math:/home/lohith/install/my_py_pkg:/home/lohith/install/my_py1_pkg:/home/lohith/install/lidar_reader:/home/lohith/install/hello_pkg:/home/lohith/install/fouth_pkg:/home/lohith/install/first_pkg:/home/lohith/install/differential_drive_sim:/home/lohith/install/controller:/home/lohith/install/Third_pkg:/opt/ros/humble /usr/bin/cmake --install /home/lohith/yolobot/build/yolobot_gazebo
