[0.392s] Invoking command in '/home/lohith/yolobot/build/yolobot_description': CMAKE_PREFIX_PATH=${CMAKE_PREFIX_PATH}:/home/lohith/ros2_ws/install/whisper_demos:/home/lohith/ros2_ws/install/move_robot_square:/home/lohith/ros2_ws/install/diff_drive_square:/home/lohith/ros2_ws/install/audio_listener:/home/lohith/install/turtlesim_goal:/home/lohith/install/turtlebot3_pid_control:/home/lohith/install/second_pkg:/home/lohith/install/robot_math:/home/lohith/install/my_py_pkg:/home/lohith/install/my_py1_pkg:/home/lohith/install/lidar_reader:/home/lohith/install/hello_pkg:/home/lohith/install/fouth_pkg:/home/lohith/install/first_pkg:/home/lohith/install/differential_drive_sim:/home/lohith/install/controller:/home/lohith/install/Third_pkg:/opt/ros/humble /usr/bin/cmake /home/lohith/yolobot/src/yolobot_description -DCMAKE_INSTALL_PREFIX=/home/lohith/yolobot/install/yolobot_description
[1.922s] -- The C compiler identification is GNU 11.4.0
[2.891s] -- The CXX compiler identification is GNU 11.4.0
[2.966s] -- Detecting C compiler ABI info
[3.679s] -- Detecting C compiler ABI info - done
[3.772s] -- Check for working C compiler: /usr/bin/cc - skipped
[3.773s] -- Detecting C compile features
[3.775s] -- Detecting C compile features - done
[3.789s] -- Detecting CXX compiler ABI info
[4.646s] -- Detecting CXX compiler ABI info - done
[4.726s] -- Check for working CXX compiler: /usr/bin/c++ - skipped
[4.727s] -- Detecting CXX compile features
[4.728s] -- Detecting CXX compile features - done
[4.758s] -- Found ament_cmake: 1.3.11 (/opt/ros/humble/share/ament_cmake/cmake)
[5.772s] -- Found Python3: /usr/bin/python3 (found version "3.10.12") found components: Interpreter 
[7.089s] -- Found urdf: 2.6.1 (/opt/ros/humble/share/urdf/cmake)
[8.088s] -- Found ament_lint_auto: 0.12.11 (/opt/ros/humble/share/ament_lint_auto/cmake)
[8.897s] -- Added test 'copyright' to check source files copyright and LICENSE
[8.904s] -- Added test 'flake8' to check Python code syntax and style conventions
[8.905s] -- Added test 'lint_cmake' to check CMake code style
[8.915s] -- Added test 'pep257' to check Python code against some of the docstring style conventions in PEP 257
[8.917s] -- Added test 'xmllint' to check XML markup files
[8.917s] -- Configuring done
[8.931s] -- Generating done
[8.946s] -- Build files have been written to: /home/lohith/yolobot/build/yolobot_description
[9.165s] Invoked command in '/home/lohith/yolobot/build/yolobot_description' returned '0': CMAKE_PREFIX_PATH=${CMAKE_PREFIX_PATH}:/home/lohith/ros2_ws/install/whisper_demos:/home/lohith/ros2_ws/install/move_robot_square:/home/lohith/ros2_ws/install/diff_drive_square:/home/lohith/ros2_ws/install/audio_listener:/home/lohith/install/turtlesim_goal:/home/lohith/install/turtlebot3_pid_control:/home/lohith/install/second_pkg:/home/lohith/install/robot_math:/home/lohith/install/my_py_pkg:/home/lohith/install/my_py1_pkg:/home/lohith/install/lidar_reader:/home/lohith/install/hello_pkg:/home/lohith/install/fouth_pkg:/home/lohith/install/first_pkg:/home/lohith/install/differential_drive_sim:/home/lohith/install/controller:/home/lohith/install/Third_pkg:/opt/ros/humble /usr/bin/cmake /home/lohith/yolobot/src/yolobot_description -DCMAKE_INSTALL_PREFIX=/home/lohith/yolobot/install/yolobot_description
[9.175s] Invoking command in '/home/lohith/yolobot/build/yolobot_description': CMAKE_PREFIX_PATH=${CMAKE_PREFIX_PATH}:/home/lohith/ros2_ws/install/whisper_demos:/home/lohith/ros2_ws/install/move_robot_square:/home/lohith/ros2_ws/install/diff_drive_square:/home/lohith/ros2_ws/install/audio_listener:/home/lohith/install/turtlesim_goal:/home/lohith/install/turtlebot3_pid_control:/home/lohith/install/second_pkg:/home/lohith/install/robot_math:/home/lohith/install/my_py_pkg:/home/lohith/install/my_py1_pkg:/home/lohith/install/lidar_reader:/home/lohith/install/hello_pkg:/home/lohith/install/fouth_pkg:/home/lohith/install/first_pkg:/home/lohith/install/differential_drive_sim:/home/lohith/install/controller:/home/lohith/install/Third_pkg:/opt/ros/humble /usr/bin/cmake --build /home/lohith/yolobot/build/yolobot_description -- -j5 -l5
[9.512s] Invoked command in '/home/lohith/yolobot/build/yolobot_description' returned '0': CMAKE_PREFIX_PATH=${CMAKE_PREFIX_PATH}:/home/lohith/ros2_ws/install/whisper_demos:/home/lohith/ros2_ws/install/move_robot_square:/home/lohith/ros2_ws/install/diff_drive_square:/home/lohith/ros2_ws/install/audio_listener:/home/lohith/install/turtlesim_goal:/home/lohith/install/turtlebot3_pid_control:/home/lohith/install/second_pkg:/home/lohith/install/robot_math:/home/lohith/install/my_py_pkg:/home/lohith/install/my_py1_pkg:/home/lohith/install/lidar_reader:/home/lohith/install/hello_pkg:/home/lohith/install/fouth_pkg:/home/lohith/install/first_pkg:/home/lohith/install/differential_drive_sim:/home/lohith/install/controller:/home/lohith/install/Third_pkg:/opt/ros/humble /usr/bin/cmake --build /home/lohith/yolobot/build/yolobot_description -- -j5 -l5
[9.514s] Invoking command in '/home/lohith/yolobot/build/yolobot_description': CMAKE_PREFIX_PATH=${CMAKE_PREFIX_PATH}:/home/lohith/ros2_ws/install/whisper_demos:/home/lohith/ros2_ws/install/move_robot_square:/home/lohith/ros2_ws/install/diff_drive_square:/home/lohith/ros2_ws/install/audio_listener:/home/lohith/install/turtlesim_goal:/home/lohith/install/turtlebot3_pid_control:/home/lohith/install/second_pkg:/home/lohith/install/robot_math:/home/lohith/install/my_py_pkg:/home/lohith/install/my_py1_pkg:/home/lohith/install/lidar_reader:/home/lohith/install/hello_pkg:/home/lohith/install/fouth_pkg:/home/lohith/install/first_pkg:/home/lohith/install/differential_drive_sim:/home/lohith/install/controller:/home/lohith/install/Third_pkg:/opt/ros/humble /usr/bin/cmake --install /home/lohith/yolobot/build/yolobot_description
[9.517s] -- Install configuration: ""
[9.517s] -- Installing: /home/lohith/yolobot/install/yolobot_description/share/yolobot_description//launch
[9.517s] -- Installing: /home/lohith/yolobot/install/yolobot_description/share/yolobot_description//launch/spawn_yolobot.py
[9.518s] -- Installing: /home/lohith/yolobot/install/yolobot_description/share/yolobot_description//launch/spawn_yolobot_launch.launch.py
[9.518s] -- Installing: /home/lohith/yolobot/install/yolobot_description/share/yolobot_description//robot
[9.519s] -- Installing: /home/lohith/yolobot/install/yolobot_description/share/yolobot_description//robot/yolobot.urdf
[9.519s] -- Installing: /home/lohith/yolobot/install/yolobot_description/lib/yolobot_description/spawn_yolobot.py
[9.519s] -- Installing: /home/lohith/yolobot/install/yolobot_description/share/ament_index/resource_index/package_run_dependencies/yolobot_description
[9.519s] -- Installing: /home/lohith/yolobot/install/yolobot_description/share/ament_index/resource_index/parent_prefix_path/yolobot_description
[9.534s] -- Installing: /home/lohith/yolobot/install/yolobot_description/share/yolobot_description/environment/ament_prefix_path.sh
[9.535s] -- Installing: /home/lohith/yolobot/install/yolobot_description/share/yolobot_description/environment/ament_prefix_path.dsv
[9.535s] -- Installing: /home/lohith/yolobot/install/yolobot_description/share/yolobot_description/environment/path.sh
[9.537s] -- Installing: /home/lohith/yolobot/install/yolobot_description/share/yolobot_description/environment/path.dsv
[9.537s] -- Installing: /home/lohith/yolobot/install/yolobot_description/share/yolobot_description/local_setup.bash
[9.537s] -- Installing: /home/lohith/yolobot/install/yolobot_description/share/yolobot_description/local_setup.sh
[9.538s] -- Installing: /home/lohith/yolobot/install/yolobot_description/share/yolobot_description/local_setup.zsh
[9.538s] -- Installing: /home/lohith/yolobot/install/yolobot_description/share/yolobot_description/local_setup.dsv
[9.538s] -- Installing: /home/lohith/yolobot/install/yolobot_description/share/yolobot_description/package.dsv
[9.538s] -- Installing: /home/lohith/yolobot/install/yolobot_description/share/ament_index/resource_index/packages/yolobot_description
[9.538s] -- Installing: /home/lohith/yolobot/install/yolobot_description/share/yolobot_description/cmake/yolobot_descriptionConfig.cmake
[9.538s] -- Installing: /home/lohith/yolobot/install/yolobot_description/share/yolobot_description/cmake/yolobot_descriptionConfig-version.cmake
[9.538s] -- Installing: /home/lohith/yolobot/install/yolobot_description/share/yolobot_description/package.xml
[9.600s] Invoked command in '/home/lohith/yolobot/build/yolobot_description' returned '0': CMAKE_PREFIX_PATH=${CMAKE_PREFIX_PATH}:/home/lohith/ros2_ws/install/whisper_demos:/home/lohith/ros2_ws/install/move_robot_square:/home/lohith/ros2_ws/install/diff_drive_square:/home/lohith/ros2_ws/install/audio_listener:/home/lohith/install/turtlesim_goal:/home/lohith/install/turtlebot3_pid_control:/home/lohith/install/second_pkg:/home/lohith/install/robot_math:/home/lohith/install/my_py_pkg:/home/lohith/install/my_py1_pkg:/home/lohith/install/lidar_reader:/home/lohith/install/hello_pkg:/home/lohith/install/fouth_pkg:/home/lohith/install/first_pkg:/home/lohith/install/differential_drive_sim:/home/lohith/install/controller:/home/lohith/install/Third_pkg:/opt/ros/humble /usr/bin/cmake --install /home/lohith/yolobot/build/yolobot_description
