[0.392s] Invoking command in '/home/lohith/yolobot/build/yolov8_msgs': CMAKE_PREFIX_PATH=${CMAKE_PREFIX_PATH}:/home/lohith/ros2_ws/install/whisper_demos:/home/lohith/ros2_ws/install/move_robot_square:/home/lohith/ros2_ws/install/diff_drive_square:/home/lohith/ros2_ws/install/audio_listener:/home/lohith/install/turtlesim_goal:/home/lohith/install/turtlebot3_pid_control:/home/lohith/install/second_pkg:/home/lohith/install/robot_math:/home/lohith/install/my_py_pkg:/home/lohith/install/my_py1_pkg:/home/lohith/install/lidar_reader:/home/lohith/install/hello_pkg:/home/lohith/install/fouth_pkg:/home/lohith/install/first_pkg:/home/lohith/install/differential_drive_sim:/home/lohith/install/controller:/home/lohith/install/Third_pkg:/opt/ros/humble /usr/bin/cmake /home/lohith/yolobot/src/yolov8_msgs -DCMAKE_INSTALL_PREFIX=/home/lohith/yolobot/install/yolov8_msgs
[1.712s] -- The C compiler identification is GNU 11.4.0
[2.718s] -- The CXX compiler identification is GNU 11.4.0
[2.830s] -- Detecting C compiler ABI info
[3.454s] -- Detecting C compiler ABI info - done
[3.473s] -- Check for working C compiler: /usr/bin/cc - skipped
[3.502s] -- Detecting C compile features
[3.519s] -- Detecting C compile features - done
[3.565s] -- Detecting CXX compiler ABI info
[4.189s] -- Detecting CXX compiler ABI info - done
[4.300s] -- Check for working CXX compiler: /usr/bin/c++ - skipped
[4.301s] -- Detecting CXX compile features
[4.301s] -- Detecting CXX compile features - done
[4.398s] -- Found ament_cmake: 1.3.11 (/opt/ros/humble/share/ament_cmake/cmake)
[5.740s] -- Found Python3: /usr/bin/python3 (found version "3.10.12") found components: Interpreter 
[6.662s] -- Found std_msgs: 4.2.4 (/opt/ros/humble/share/std_msgs/cmake)
[7.694s] -- Found rosidl_generator_c: 3.1.6 (/opt/ros/humble/share/rosidl_generator_c/cmake)
[7.816s] -- Found rosidl_adapter: 3.1.6 (/opt/ros/humble/share/rosidl_adapter/cmake)
[8.028s] -- Found rosidl_generator_cpp: 3.1.6 (/opt/ros/humble/share/rosidl_generator_cpp/cmake)
[8.340s] -- Using all available rosidl_typesupport_c: rosidl_typesupport_fastrtps_c;rosidl_typesupport_introspection_c
[8.592s] -- Using all available rosidl_typesupport_cpp: rosidl_typesupport_fastrtps_cpp;rosidl_typesupport_introspection_cpp
[8.813s] -- Found rosidl_default_generators: 1.2.0 (/opt/ros/humble/share/rosidl_default_generators/cmake)
[10.094s] -- Found ament_cmake_ros: 0.10.0 (/opt/ros/humble/share/ament_cmake_ros/cmake)
[11.282s] -- Using all available rosidl_typesupport_c: rosidl_typesupport_fastrtps_c;rosidl_typesupport_introspection_c
[11.825s] -- Using all available rosidl_typesupport_cpp: rosidl_typesupport_fastrtps_cpp;rosidl_typesupport_introspection_cpp
[11.911s] -- Found PythonInterp: /usr/bin/python3 (found suitable version "3.10.12", minimum required is "3.6") 
[11.914s] -- Found python_cmake_module: 0.10.0 (/opt/ros/humble/share/python_cmake_module/cmake)
[12.014s] -- Found PythonLibs: /usr/lib/x86_64-linux-gnu/libpython3.10.so (found suitable version "3.10.12", minimum required is "3.5") 
[12.015s] -- Using PYTHON_EXECUTABLE: /usr/bin/python3
[12.015s] -- Using PYTHON_INCLUDE_DIRS: /usr/include/python3.10
[12.015s] -- Using PYTHON_LIBRARIES: /usr/lib/x86_64-linux-gnu/libpython3.10.so
[12.104s] -- Found PythonExtra: .so  
[12.333s] -- Found ament_lint_auto: 0.12.11 (/opt/ros/humble/share/ament_lint_auto/cmake)
[12.492s] -- Added test 'copyright' to check source files copyright and LICENSE
[12.493s] -- Added test 'lint_cmake' to check CMake code style
[12.493s] -- Added test 'xmllint' to check XML markup files
[12.504s] -- Configuring done
[12.604s] -- Generating done
[12.618s] -- Build files have been written to: /home/lohith/yolobot/build/yolov8_msgs
[12.647s] Invoked command in '/home/lohith/yolobot/build/yolov8_msgs' returned '0': CMAKE_PREFIX_PATH=${CMAKE_PREFIX_PATH}:/home/lohith/ros2_ws/install/whisper_demos:/home/lohith/ros2_ws/install/move_robot_square:/home/lohith/ros2_ws/install/diff_drive_square:/home/lohith/ros2_ws/install/audio_listener:/home/lohith/install/turtlesim_goal:/home/lohith/install/turtlebot3_pid_control:/home/lohith/install/second_pkg:/home/lohith/install/robot_math:/home/lohith/install/my_py_pkg:/home/lohith/install/my_py1_pkg:/home/lohith/install/lidar_reader:/home/lohith/install/hello_pkg:/home/lohith/install/fouth_pkg:/home/lohith/install/first_pkg:/home/lohith/install/differential_drive_sim:/home/lohith/install/controller:/home/lohith/install/Third_pkg:/opt/ros/humble /usr/bin/cmake /home/lohith/yolobot/src/yolov8_msgs -DCMAKE_INSTALL_PREFIX=/home/lohith/yolobot/install/yolov8_msgs
[12.651s] Invoking command in '/home/lohith/yolobot/build/yolov8_msgs': CMAKE_PREFIX_PATH=${CMAKE_PREFIX_PATH}:/home/lohith/ros2_ws/install/whisper_demos:/home/lohith/ros2_ws/install/move_robot_square:/home/lohith/ros2_ws/install/diff_drive_square:/home/lohith/ros2_ws/install/audio_listener:/home/lohith/install/turtlesim_goal:/home/lohith/install/turtlebot3_pid_control:/home/lohith/install/second_pkg:/home/lohith/install/robot_math:/home/lohith/install/my_py_pkg:/home/lohith/install/my_py1_pkg:/home/lohith/install/lidar_reader:/home/lohith/install/hello_pkg:/home/lohith/install/fouth_pkg:/home/lohith/install/first_pkg:/home/lohith/install/differential_drive_sim:/home/lohith/install/controller:/home/lohith/install/Third_pkg:/opt/ros/humble /usr/bin/cmake --build /home/lohith/yolobot/build/yolov8_msgs -- -j5 -l5
[12.816s] [  2%] [34m[1mGenerating C code for ROS interfaces[0m
[12.850s] [  5%] [34m[1mGenerating C++ code for ROS interfaces[0m
[12.937s] [  5%] Built target ament_cmake_python_copy_yolov8_msgs
[14.161s] running egg_info
[14.161s] creating yolov8_msgs.egg-info
[14.161s] writing yolov8_msgs.egg-info/PKG-INFO
[14.161s] writing dependency_links to yolov8_msgs.egg-info/dependency_links.txt
[14.161s] writing top-level names to yolov8_msgs.egg-info/top_level.txt
[14.162s] writing manifest file 'yolov8_msgs.egg-info/SOURCES.txt'
[14.167s] reading manifest file 'yolov8_msgs.egg-info/SOURCES.txt'
[14.168s] writing manifest file 'yolov8_msgs.egg-info/SOURCES.txt'
[14.311s] [  5%] Built target ament_cmake_python_build_yolov8_msgs_egg
[14.332s] [  5%] Built target yolov8_msgs__cpp
[14.419s] [  7%] [34m[1mGenerating C++ type support dispatch for ROS interfaces[0m
[14.426s] [ 10%] [32mBuilding C object CMakeFiles/yolov8_msgs__rosidl_generator_c.dir/rosidl_generator_c/yolov8_msgs/msg/detail/inference_result__functions.c.o[0m
[14.426s] [ 12%] [34m[1mGenerating C++ type support for eProsima Fast-RTPS[0m
[14.426s] [ 15%] [32mBuilding C object CMakeFiles/yolov8_msgs__rosidl_generator_c.dir/rosidl_generator_c/yolov8_msgs/msg/detail/yolov8_inference__functions.c.o[0m
[14.435s] [ 17%] [34m[1mGenerating C++ introspection for ROS interfaces[0m
[14.867s] [ 20%] [32m[1mLinking C shared library libyolov8_msgs__rosidl_generator_c.so[0m
[15.038s] [ 20%] Built target yolov8_msgs__rosidl_generator_c
[15.086s] [ 23%] [34m[1mGenerating C introspection for ROS interfaces[0m
[15.101s] [ 25%] [34m[1mGenerating C type support for eProsima Fast-RTPS[0m
[15.490s] [ 28%] [32mBuilding CXX object CMakeFiles/yolov8_msgs__rosidl_typesupport_cpp.dir/rosidl_typesupport_cpp/yolov8_msgs/msg/inference_result__type_support.cpp.o[0m
[15.684s] [ 30%] [32mBuilding CXX object CMakeFiles/yolov8_msgs__rosidl_typesupport_fastrtps_cpp.dir/rosidl_typesupport_fastrtps_cpp/yolov8_msgs/msg/detail/dds_fastrtps/inference_result__type_support.cpp.o[0m
[16.039s] [ 33%] [32mBuilding CXX object CMakeFiles/yolov8_msgs__rosidl_typesupport_introspection_cpp.dir/rosidl_typesupport_introspection_cpp/yolov8_msgs/msg/detail/inference_result__type_support.cpp.o[0m
[16.856s] [ 35%] [32mBuilding C object CMakeFiles/yolov8_msgs__rosidl_typesupport_introspection_c.dir/rosidl_typesupport_introspection_c/yolov8_msgs/msg/detail/inference_result__type_support.c.o[0m
[17.138s] [ 38%] [32mBuilding C object CMakeFiles/yolov8_msgs__rosidl_typesupport_introspection_c.dir/rosidl_typesupport_introspection_c/yolov8_msgs/msg/detail/yolov8_inference__type_support.c.o[0m
[17.188s] [ 41%] [32mBuilding CXX object CMakeFiles/yolov8_msgs__rosidl_typesupport_fastrtps_c.dir/rosidl_typesupport_fastrtps_c/yolov8_msgs/msg/detail/inference_result__type_support_c.cpp.o[0m
[17.678s] [ 43%] [32m[1mLinking C shared library libyolov8_msgs__rosidl_typesupport_introspection_c.so[0m
[17.792s] [ 46%] [32mBuilding CXX object CMakeFiles/yolov8_msgs__rosidl_typesupport_cpp.dir/rosidl_typesupport_cpp/yolov8_msgs/msg/yolov8_inference__type_support.cpp.o[0m
[18.068s] [ 46%] Built target yolov8_msgs__rosidl_typesupport_introspection_c
[18.200s] [ 48%] [34m[1mGenerating C type support dispatch for ROS interfaces[0m
[18.313s] [ 51%] [32mBuilding CXX object CMakeFiles/yolov8_msgs__rosidl_typesupport_introspection_cpp.dir/rosidl_typesupport_introspection_cpp/yolov8_msgs/msg/detail/yolov8_inference__type_support.cpp.o[0m
[18.570s] [ 53%] [32mBuilding CXX object CMakeFiles/yolov8_msgs__rosidl_typesupport_fastrtps_cpp.dir/rosidl_typesupport_fastrtps_cpp/yolov8_msgs/msg/detail/dds_fastrtps/yolov8_inference__type_support.cpp.o[0m
[18.683s] [ 56%] [32mBuilding CXX object CMakeFiles/yolov8_msgs__rosidl_typesupport_fastrtps_c.dir/rosidl_typesupport_fastrtps_c/yolov8_msgs/msg/detail/yolov8_inference__type_support_c.cpp.o[0m
[18.956s] [ 58%] [32m[1mLinking CXX shared library libyolov8_msgs__rosidl_typesupport_cpp.so[0m
[19.436s] [ 58%] Built target yolov8_msgs__rosidl_typesupport_cpp
[19.454s] [ 61%] [32mBuilding CXX object CMakeFiles/yolov8_msgs__rosidl_typesupport_c.dir/rosidl_typesupport_c/yolov8_msgs/msg/inference_result__type_support.cpp.o[0m
[19.610s] [ 64%] [32mBuilding CXX object CMakeFiles/yolov8_msgs__rosidl_typesupport_c.dir/rosidl_typesupport_c/yolov8_msgs/msg/yolov8_inference__type_support.cpp.o[0m
[19.925s] [ 66%] [32m[1mLinking CXX shared library libyolov8_msgs__rosidl_typesupport_c.so[0m
[20.002s] [ 69%] [32m[1mLinking CXX shared library libyolov8_msgs__rosidl_typesupport_introspection_cpp.so[0m
[20.241s] [ 71%] [32m[1mLinking CXX shared library libyolov8_msgs__rosidl_typesupport_fastrtps_c.so[0m
[20.244s] [ 71%] Built target yolov8_msgs__rosidl_typesupport_c
[20.405s] [ 74%] [32m[1mLinking CXX shared library libyolov8_msgs__rosidl_typesupport_fastrtps_cpp.so[0m
[20.416s] [ 74%] Built target yolov8_msgs__rosidl_typesupport_introspection_cpp
[20.816s] [ 74%] Built target yolov8_msgs__rosidl_typesupport_fastrtps_c
[20.856s] [ 74%] Built target yolov8_msgs__rosidl_typesupport_fastrtps_cpp
[20.984s] [ 74%] Built target yolov8_msgs
[21.038s] [ 76%] [34m[1mGenerating Python code for ROS interfaces[0m
[21.992s] [ 76%] Built target yolov8_msgs__py
[22.111s] [ 79%] [32mBuilding C object CMakeFiles/yolov8_msgs__rosidl_generator_py.dir/rosidl_generator_py/yolov8_msgs/msg/_inference_result_s.c.o[0m
[22.111s] [ 82%] [32mBuilding C object CMakeFiles/yolov8_msgs__rosidl_generator_py.dir/rosidl_generator_py/yolov8_msgs/msg/_yolov8_inference_s.c.o[0m
[23.054s] [ 84%] [32m[1mLinking C shared library rosidl_generator_py/yolov8_msgs/libyolov8_msgs__rosidl_generator_py.so[0m
[23.257s] [ 84%] Built target yolov8_msgs__rosidl_generator_py
[23.361s] [ 87%] [32mBuilding C object CMakeFiles/yolov8_msgs__rosidl_typesupport_c__pyext.dir/rosidl_generator_py/yolov8_msgs/_yolov8_msgs_s.ep.rosidl_typesupport_c.c.o[0m
[23.361s] [ 89%] [32mBuilding C object CMakeFiles/yolov8_msgs__rosidl_typesupport_introspection_c__pyext.dir/rosidl_generator_py/yolov8_msgs/_yolov8_msgs_s.ep.rosidl_typesupport_introspection_c.c.o[0m
[23.391s] [ 92%] [32mBuilding C object CMakeFiles/yolov8_msgs__rosidl_typesupport_fastrtps_c__pyext.dir/rosidl_generator_py/yolov8_msgs/_yolov8_msgs_s.ep.rosidl_typesupport_fastrtps_c.c.o[0m
[23.741s] [ 94%] [32m[1mLinking C shared library rosidl_generator_py/yolov8_msgs/yolov8_msgs_s__rosidl_typesupport_introspection_c.cpython-310-x86_64-linux-gnu.so[0m
[23.776s] [ 97%] [32m[1mLinking C shared library rosidl_generator_py/yolov8_msgs/yolov8_msgs_s__rosidl_typesupport_fastrtps_c.cpython-310-x86_64-linux-gnu.so[0m
[23.827s] [100%] [32m[1mLinking C shared library rosidl_generator_py/yolov8_msgs/yolov8_msgs_s__rosidl_typesupport_c.cpython-310-x86_64-linux-gnu.so[0m
[24.023s] [100%] Built target yolov8_msgs__rosidl_typesupport_c__pyext
[24.040s] [100%] Built target yolov8_msgs__rosidl_typesupport_introspection_c__pyext
[24.040s] [100%] Built target yolov8_msgs__rosidl_typesupport_fastrtps_c__pyext
[24.145s] Invoked command in '/home/lohith/yolobot/build/yolov8_msgs' returned '0': CMAKE_PREFIX_PATH=${CMAKE_PREFIX_PATH}:/home/lohith/ros2_ws/install/whisper_demos:/home/lohith/ros2_ws/install/move_robot_square:/home/lohith/ros2_ws/install/diff_drive_square:/home/lohith/ros2_ws/install/audio_listener:/home/lohith/install/turtlesim_goal:/home/lohith/install/turtlebot3_pid_control:/home/lohith/install/second_pkg:/home/lohith/install/robot_math:/home/lohith/install/my_py_pkg:/home/lohith/install/my_py1_pkg:/home/lohith/install/lidar_reader:/home/lohith/install/hello_pkg:/home/lohith/install/fouth_pkg:/home/lohith/install/first_pkg:/home/lohith/install/differential_drive_sim:/home/lohith/install/controller:/home/lohith/install/Third_pkg:/opt/ros/humble /usr/bin/cmake --build /home/lohith/yolobot/build/yolov8_msgs -- -j5 -l5
[24.151s] Invoking command in '/home/lohith/yolobot/build/yolov8_msgs': CMAKE_PREFIX_PATH=${CMAKE_PREFIX_PATH}:/home/lohith/ros2_ws/install/whisper_demos:/home/lohith/ros2_ws/install/move_robot_square:/home/lohith/ros2_ws/install/diff_drive_square:/home/lohith/ros2_ws/install/audio_listener:/home/lohith/install/turtlesim_goal:/home/lohith/install/turtlebot3_pid_control:/home/lohith/install/second_pkg:/home/lohith/install/robot_math:/home/lohith/install/my_py_pkg:/home/lohith/install/my_py1_pkg:/home/lohith/install/lidar_reader:/home/lohith/install/hello_pkg:/home/lohith/install/fouth_pkg:/home/lohith/install/first_pkg:/home/lohith/install/differential_drive_sim:/home/lohith/install/controller:/home/lohith/install/Third_pkg:/opt/ros/humble /usr/bin/cmake --install /home/lohith/yolobot/build/yolov8_msgs
[24.212s] -- Install configuration: ""
[24.213s] -- Installing: /home/lohith/yolobot/install/yolov8_msgs/share/ament_index/resource_index/rosidl_interfaces/yolov8_msgs
[24.214s] -- Installing: /home/lohith/yolobot/install/yolov8_msgs/include/yolov8_msgs/yolov8_msgs
[24.214s] -- Installing: /home/lohith/yolobot/install/yolov8_msgs/include/yolov8_msgs/yolov8_msgs/msg
[24.214s] -- Installing: /home/lohith/yolobot/install/yolov8_msgs/include/yolov8_msgs/yolov8_msgs/msg/detail
[24.215s] -- Installing: /home/lohith/yolobot/install/yolov8_msgs/include/yolov8_msgs/yolov8_msgs/msg/detail/inference_result__functions.h
[24.217s] -- Installing: /home/lohith/yolobot/install/yolov8_msgs/include/yolov8_msgs/yolov8_msgs/msg/detail/yolov8_inference__functions.c
[24.217s] -- Installing: /home/lohith/yolobot/install/yolov8_msgs/include/yolov8_msgs/yolov8_msgs/msg/detail/inference_result__type_support.h
[24.217s] -- Installing: /home/lohith/yolobot/install/yolov8_msgs/include/yolov8_msgs/yolov8_msgs/msg/detail/inference_result__functions.c
[24.217s] -- Installing: /home/lohith/yolobot/install/yolov8_msgs/include/yolov8_msgs/yolov8_msgs/msg/detail/yolov8_inference__struct.h
[24.217s] -- Installing: /home/lohith/yolobot/install/yolov8_msgs/include/yolov8_msgs/yolov8_msgs/msg/detail/yolov8_inference__functions.h
[24.217s] -- Installing: /home/lohith/yolobot/install/yolov8_msgs/include/yolov8_msgs/yolov8_msgs/msg/detail/yolov8_inference__type_support.h
[24.218s] -- Installing: /home/lohith/yolobot/install/yolov8_msgs/include/yolov8_msgs/yolov8_msgs/msg/detail/inference_result__struct.h
[24.218s] -- Installing: /home/lohith/yolobot/install/yolov8_msgs/include/yolov8_msgs/yolov8_msgs/msg/inference_result.h
[24.218s] -- Installing: /home/lohith/yolobot/install/yolov8_msgs/include/yolov8_msgs/yolov8_msgs/msg/rosidl_generator_c__visibility_control.h
[24.218s] -- Installing: /home/lohith/yolobot/install/yolov8_msgs/include/yolov8_msgs/yolov8_msgs/msg/yolov8_inference.h
[24.218s] -- Installing: /home/lohith/yolobot/install/yolov8_msgs/share/yolov8_msgs/environment/library_path.sh
[24.218s] -- Installing: /home/lohith/yolobot/install/yolov8_msgs/share/yolov8_msgs/environment/library_path.dsv
[24.218s] -- Installing: /home/lohith/yolobot/install/yolov8_msgs/lib/libyolov8_msgs__rosidl_generator_c.so
[24.218s] -- Set runtime path of "/home/lohith/yolobot/install/yolov8_msgs/lib/libyolov8_msgs__rosidl_generator_c.so" to ""
[24.218s] -- Up-to-date: /home/lohith/yolobot/install/yolov8_msgs/include/yolov8_msgs/yolov8_msgs
[24.219s] -- Up-to-date: /home/lohith/yolobot/install/yolov8_msgs/include/yolov8_msgs/yolov8_msgs/msg
[24.219s] -- Up-to-date: /home/lohith/yolobot/install/yolov8_msgs/include/yolov8_msgs/yolov8_msgs/msg/detail
[24.219s] -- Installing: /home/lohith/yolobot/install/yolov8_msgs/include/yolov8_msgs/yolov8_msgs/msg/detail/yolov8_inference__rosidl_typesupport_fastrtps_c.h
[24.219s] -- Installing: /home/lohith/yolobot/install/yolov8_msgs/include/yolov8_msgs/yolov8_msgs/msg/detail/inference_result__rosidl_typesupport_fastrtps_c.h
[24.219s] -- Installing: /home/lohith/yolobot/install/yolov8_msgs/include/yolov8_msgs/yolov8_msgs/msg/rosidl_typesupport_fastrtps_c__visibility_control.h
[24.219s] -- Installing: /home/lohith/yolobot/install/yolov8_msgs/lib/libyolov8_msgs__rosidl_typesupport_fastrtps_c.so
[24.219s] -- Set runtime path of "/home/lohith/yolobot/install/yolov8_msgs/lib/libyolov8_msgs__rosidl_typesupport_fastrtps_c.so" to ""
[24.219s] -- Up-to-date: /home/lohith/yolobot/install/yolov8_msgs/include/yolov8_msgs/yolov8_msgs
[24.220s] -- Up-to-date: /home/lohith/yolobot/install/yolov8_msgs/include/yolov8_msgs/yolov8_msgs/msg
[24.220s] -- Up-to-date: /home/lohith/yolobot/install/yolov8_msgs/include/yolov8_msgs/yolov8_msgs/msg/detail
[24.220s] -- Installing: /home/lohith/yolobot/install/yolov8_msgs/include/yolov8_msgs/yolov8_msgs/msg/detail/inference_result__traits.hpp
[24.220s] -- Installing: /home/lohith/yolobot/install/yolov8_msgs/include/yolov8_msgs/yolov8_msgs/msg/detail/yolov8_inference__builder.hpp
[24.221s] -- Installing: /home/lohith/yolobot/install/yolov8_msgs/include/yolov8_msgs/yolov8_msgs/msg/detail/yolov8_inference__type_support.hpp
[24.221s] -- Installing: /home/lohith/yolobot/install/yolov8_msgs/include/yolov8_msgs/yolov8_msgs/msg/detail/inference_result__builder.hpp
[24.221s] -- Installing: /home/lohith/yolobot/install/yolov8_msgs/include/yolov8_msgs/yolov8_msgs/msg/detail/yolov8_inference__traits.hpp
[24.221s] -- Installing: /home/lohith/yolobot/install/yolov8_msgs/include/yolov8_msgs/yolov8_msgs/msg/detail/yolov8_inference__struct.hpp
[24.221s] -- Installing: /home/lohith/yolobot/install/yolov8_msgs/include/yolov8_msgs/yolov8_msgs/msg/detail/inference_result__type_support.hpp
[24.221s] -- Installing: /home/lohith/yolobot/install/yolov8_msgs/include/yolov8_msgs/yolov8_msgs/msg/detail/inference_result__struct.hpp
[24.221s] -- Installing: /home/lohith/yolobot/install/yolov8_msgs/include/yolov8_msgs/yolov8_msgs/msg/inference_result.hpp
[24.221s] -- Installing: /home/lohith/yolobot/install/yolov8_msgs/include/yolov8_msgs/yolov8_msgs/msg/rosidl_generator_cpp__visibility_control.hpp
[24.221s] -- Installing: /home/lohith/yolobot/install/yolov8_msgs/include/yolov8_msgs/yolov8_msgs/msg/yolov8_inference.hpp
[24.221s] -- Up-to-date: /home/lohith/yolobot/install/yolov8_msgs/include/yolov8_msgs/yolov8_msgs
[24.222s] -- Up-to-date: /home/lohith/yolobot/install/yolov8_msgs/include/yolov8_msgs/yolov8_msgs/msg
[24.222s] -- Up-to-date: /home/lohith/yolobot/install/yolov8_msgs/include/yolov8_msgs/yolov8_msgs/msg/detail
[24.222s] -- Installing: /home/lohith/yolobot/install/yolov8_msgs/include/yolov8_msgs/yolov8_msgs/msg/detail/dds_fastrtps
[24.222s] -- Installing: /home/lohith/yolobot/install/yolov8_msgs/include/yolov8_msgs/yolov8_msgs/msg/detail/yolov8_inference__rosidl_typesupport_fastrtps_cpp.hpp
[24.222s] -- Installing: /home/lohith/yolobot/install/yolov8_msgs/include/yolov8_msgs/yolov8_msgs/msg/detail/inference_result__rosidl_typesupport_fastrtps_cpp.hpp
[24.222s] -- Installing: /home/lohith/yolobot/install/yolov8_msgs/include/yolov8_msgs/yolov8_msgs/msg/rosidl_typesupport_fastrtps_cpp__visibility_control.h
[24.222s] -- Installing: /home/lohith/yolobot/install/yolov8_msgs/lib/libyolov8_msgs__rosidl_typesupport_fastrtps_cpp.so
[24.222s] -- Set runtime path of "/home/lohith/yolobot/install/yolov8_msgs/lib/libyolov8_msgs__rosidl_typesupport_fastrtps_cpp.so" to ""
[24.222s] -- Up-to-date: /home/lohith/yolobot/install/yolov8_msgs/include/yolov8_msgs/yolov8_msgs
[24.222s] -- Up-to-date: /home/lohith/yolobot/install/yolov8_msgs/include/yolov8_msgs/yolov8_msgs/msg
[24.223s] -- Up-to-date: /home/lohith/yolobot/install/yolov8_msgs/include/yolov8_msgs/yolov8_msgs/msg/detail
[24.224s] -- Installing: /home/lohith/yolobot/install/yolov8_msgs/include/yolov8_msgs/yolov8_msgs/msg/detail/inference_result__type_support.c
[24.224s] -- Installing: /home/lohith/yolobot/install/yolov8_msgs/include/yolov8_msgs/yolov8_msgs/msg/detail/yolov8_inference__type_support.c
[24.224s] -- Installing: /home/lohith/yolobot/install/yolov8_msgs/include/yolov8_msgs/yolov8_msgs/msg/detail/yolov8_inference__rosidl_typesupport_introspection_c.h
[24.224s] -- Installing: /home/lohith/yolobot/install/yolov8_msgs/include/yolov8_msgs/yolov8_msgs/msg/detail/inference_result__rosidl_typesupport_introspection_c.h
[24.224s] -- Installing: /home/lohith/yolobot/install/yolov8_msgs/include/yolov8_msgs/yolov8_msgs/msg/rosidl_typesupport_introspection_c__visibility_control.h
[24.224s] -- Installing: /home/lohith/yolobot/install/yolov8_msgs/lib/libyolov8_msgs__rosidl_typesupport_introspection_c.so
[24.225s] -- Set runtime path of "/home/lohith/yolobot/install/yolov8_msgs/lib/libyolov8_msgs__rosidl_typesupport_introspection_c.so" to ""
[24.225s] -- Installing: /home/lohith/yolobot/install/yolov8_msgs/lib/libyolov8_msgs__rosidl_typesupport_c.so
[24.225s] -- Set runtime path of "/home/lohith/yolobot/install/yolov8_msgs/lib/libyolov8_msgs__rosidl_typesupport_c.so" to ""
[24.225s] -- Up-to-date: /home/lohith/yolobot/install/yolov8_msgs/include/yolov8_msgs/yolov8_msgs
[24.225s] -- Up-to-date: /home/lohith/yolobot/install/yolov8_msgs/include/yolov8_msgs/yolov8_msgs/msg
[24.225s] -- Up-to-date: /home/lohith/yolobot/install/yolov8_msgs/include/yolov8_msgs/yolov8_msgs/msg/detail
[24.225s] -- Installing: /home/lohith/yolobot/install/yolov8_msgs/include/yolov8_msgs/yolov8_msgs/msg/detail/inference_result__type_support.cpp
[24.225s] -- Installing: /home/lohith/yolobot/install/yolov8_msgs/include/yolov8_msgs/yolov8_msgs/msg/detail/inference_result__rosidl_typesupport_introspection_cpp.hpp
[24.225s] -- Installing: /home/lohith/yolobot/install/yolov8_msgs/include/yolov8_msgs/yolov8_msgs/msg/detail/yolov8_inference__rosidl_typesupport_introspection_cpp.hpp
[24.226s] -- Installing: /home/lohith/yolobot/install/yolov8_msgs/include/yolov8_msgs/yolov8_msgs/msg/detail/yolov8_inference__type_support.cpp
[24.226s] -- Installing: /home/lohith/yolobot/install/yolov8_msgs/lib/libyolov8_msgs__rosidl_typesupport_introspection_cpp.so
[24.226s] -- Set runtime path of "/home/lohith/yolobot/install/yolov8_msgs/lib/libyolov8_msgs__rosidl_typesupport_introspection_cpp.so" to ""
[24.226s] -- Installing: /home/lohith/yolobot/install/yolov8_msgs/lib/libyolov8_msgs__rosidl_typesupport_cpp.so
[24.226s] -- Set runtime path of "/home/lohith/yolobot/install/yolov8_msgs/lib/libyolov8_msgs__rosidl_typesupport_cpp.so" to ""
[24.226s] -- Installing: /home/lohith/yolobot/install/yolov8_msgs/share/yolov8_msgs/environment/pythonpath.sh
[24.226s] -- Installing: /home/lohith/yolobot/install/yolov8_msgs/share/yolov8_msgs/environment/pythonpath.dsv
[24.227s] -- Installing: /home/lohith/yolobot/install/yolov8_msgs/local/lib/python3.10/dist-packages/yolov8_msgs-0.0.0-py3.10.egg-info
[24.227s] -- Installing: /home/lohith/yolobot/install/yolov8_msgs/local/lib/python3.10/dist-packages/yolov8_msgs-0.0.0-py3.10.egg-info/top_level.txt
[24.227s] -- Installing: /home/lohith/yolobot/install/yolov8_msgs/local/lib/python3.10/dist-packages/yolov8_msgs-0.0.0-py3.10.egg-info/dependency_links.txt
[24.227s] -- Installing: /home/lohith/yolobot/install/yolov8_msgs/local/lib/python3.10/dist-packages/yolov8_msgs-0.0.0-py3.10.egg-info/SOURCES.txt
[24.228s] -- Installing: /home/lohith/yolobot/install/yolov8_msgs/local/lib/python3.10/dist-packages/yolov8_msgs-0.0.0-py3.10.egg-info/PKG-INFO
[24.228s] -- Installing: /home/lohith/yolobot/install/yolov8_msgs/local/lib/python3.10/dist-packages/yolov8_msgs
[24.228s] -- Installing: /home/lohith/yolobot/install/yolov8_msgs/local/lib/python3.10/dist-packages/yolov8_msgs/yolov8_msgs_s__rosidl_typesupport_introspection_c.cpython-310-x86_64-linux-gnu.so
[24.228s] -- Installing: /home/lohith/yolobot/install/yolov8_msgs/local/lib/python3.10/dist-packages/yolov8_msgs/_yolov8_msgs_s.ep.rosidl_typesupport_c.c
[24.228s] -- Installing: /home/lohith/yolobot/install/yolov8_msgs/local/lib/python3.10/dist-packages/yolov8_msgs/_yolov8_msgs_s.ep.rosidl_typesupport_introspection_c.c
[24.229s] -- Installing: /home/lohith/yolobot/install/yolov8_msgs/local/lib/python3.10/dist-packages/yolov8_msgs/_yolov8_msgs_s.ep.rosidl_typesupport_fastrtps_c.c
[24.229s] -- Installing: /home/lohith/yolobot/install/yolov8_msgs/local/lib/python3.10/dist-packages/yolov8_msgs/libyolov8_msgs__rosidl_generator_py.so
[24.229s] -- Installing: /home/lohith/yolobot/install/yolov8_msgs/local/lib/python3.10/dist-packages/yolov8_msgs/yolov8_msgs_s__rosidl_typesupport_fastrtps_c.cpython-310-x86_64-linux-gnu.so
[24.230s] -- Installing: /home/lohith/yolobot/install/yolov8_msgs/local/lib/python3.10/dist-packages/yolov8_msgs/msg
[24.230s] -- Installing: /home/lohith/yolobot/install/yolov8_msgs/local/lib/python3.10/dist-packages/yolov8_msgs/msg/_yolov8_inference_s.c
[24.230s] -- Installing: /home/lohith/yolobot/install/yolov8_msgs/local/lib/python3.10/dist-packages/yolov8_msgs/msg/_inference_result_s.c
[24.230s] -- Installing: /home/lohith/yolobot/install/yolov8_msgs/local/lib/python3.10/dist-packages/yolov8_msgs/msg/__init__.py
[24.230s] -- Installing: /home/lohith/yolobot/install/yolov8_msgs/local/lib/python3.10/dist-packages/yolov8_msgs/msg/_yolov8_inference.py
[24.230s] -- Installing: /home/lohith/yolobot/install/yolov8_msgs/local/lib/python3.10/dist-packages/yolov8_msgs/msg/_inference_result.py
[24.230s] -- Installing: /home/lohith/yolobot/install/yolov8_msgs/local/lib/python3.10/dist-packages/yolov8_msgs/__init__.py
[24.230s] -- Installing: /home/lohith/yolobot/install/yolov8_msgs/local/lib/python3.10/dist-packages/yolov8_msgs/yolov8_msgs_s__rosidl_typesupport_c.cpython-310-x86_64-linux-gnu.so
[24.313s] Listing '/home/lohith/yolobot/install/yolov8_msgs/local/lib/python3.10/dist-packages/yolov8_msgs'...
[24.314s] Compiling '/home/lohith/yolobot/install/yolov8_msgs/local/lib/python3.10/dist-packages/yolov8_msgs/__init__.py'...
[24.314s] Listing '/home/lohith/yolobot/install/yolov8_msgs/local/lib/python3.10/dist-packages/yolov8_msgs/msg'...
[24.314s] Compiling '/home/lohith/yolobot/install/yolov8_msgs/local/lib/python3.10/dist-packages/yolov8_msgs/msg/__init__.py'...
[24.314s] Compiling '/home/lohith/yolobot/install/yolov8_msgs/local/lib/python3.10/dist-packages/yolov8_msgs/msg/_inference_result.py'...
[24.314s] Compiling '/home/lohith/yolobot/install/yolov8_msgs/local/lib/python3.10/dist-packages/yolov8_msgs/msg/_yolov8_inference.py'...
[24.322s] -- Installing: /home/lohith/yolobot/install/yolov8_msgs/local/lib/python3.10/dist-packages/yolov8_msgs/yolov8_msgs_s__rosidl_typesupport_fastrtps_c.cpython-310-x86_64-linux-gnu.so
[24.323s] -- Set runtime path of "/home/lohith/yolobot/install/yolov8_msgs/local/lib/python3.10/dist-packages/yolov8_msgs/yolov8_msgs_s__rosidl_typesupport_fastrtps_c.cpython-310-x86_64-linux-gnu.so" to ""
[24.323s] -- Installing: /home/lohith/yolobot/install/yolov8_msgs/local/lib/python3.10/dist-packages/yolov8_msgs/yolov8_msgs_s__rosidl_typesupport_introspection_c.cpython-310-x86_64-linux-gnu.so
[24.324s] -- Set runtime path of "/home/lohith/yolobot/install/yolov8_msgs/local/lib/python3.10/dist-packages/yolov8_msgs/yolov8_msgs_s__rosidl_typesupport_introspection_c.cpython-310-x86_64-linux-gnu.so" to ""
[24.324s] -- Installing: /home/lohith/yolobot/install/yolov8_msgs/local/lib/python3.10/dist-packages/yolov8_msgs/yolov8_msgs_s__rosidl_typesupport_c.cpython-310-x86_64-linux-gnu.so
[24.325s] -- Set runtime path of "/home/lohith/yolobot/install/yolov8_msgs/local/lib/python3.10/dist-packages/yolov8_msgs/yolov8_msgs_s__rosidl_typesupport_c.cpython-310-x86_64-linux-gnu.so" to ""
[24.325s] -- Installing: /home/lohith/yolobot/install/yolov8_msgs/lib/libyolov8_msgs__rosidl_generator_py.so
[24.326s] -- Set runtime path of "/home/lohith/yolobot/install/yolov8_msgs/lib/libyolov8_msgs__rosidl_generator_py.so" to ""
[24.326s] -- Installing: /home/lohith/yolobot/install/yolov8_msgs/share/yolov8_msgs/msg/InferenceResult.idl
[24.327s] -- Installing: /home/lohith/yolobot/install/yolov8_msgs/share/yolov8_msgs/msg/Yolov8Inference.idl
[24.327s] -- Installing: /home/lohith/yolobot/install/yolov8_msgs/share/yolov8_msgs/msg/InferenceResult.msg
[24.327s] -- Installing: /home/lohith/yolobot/install/yolov8_msgs/share/yolov8_msgs/msg/Yolov8Inference.msg
[24.327s] -- Installing: /home/lohith/yolobot/install/yolov8_msgs/share/ament_index/resource_index/package_run_dependencies/yolov8_msgs
[24.328s] -- Installing: /home/lohith/yolobot/install/yolov8_msgs/share/ament_index/resource_index/parent_prefix_path/yolov8_msgs
[24.328s] -- Installing: /home/lohith/yolobot/install/yolov8_msgs/share/yolov8_msgs/environment/ament_prefix_path.sh
[24.328s] -- Installing: /home/lohith/yolobot/install/yolov8_msgs/share/yolov8_msgs/environment/ament_prefix_path.dsv
[24.328s] -- Installing: /home/lohith/yolobot/install/yolov8_msgs/share/yolov8_msgs/environment/path.sh
[24.328s] -- Installing: /home/lohith/yolobot/install/yolov8_msgs/share/yolov8_msgs/environment/path.dsv
[24.328s] -- Installing: /home/lohith/yolobot/install/yolov8_msgs/share/yolov8_msgs/local_setup.bash
[24.329s] -- Installing: /home/lohith/yolobot/install/yolov8_msgs/share/yolov8_msgs/local_setup.sh
[24.329s] -- Installing: /home/lohith/yolobot/install/yolov8_msgs/share/yolov8_msgs/local_setup.zsh
[24.329s] -- Installing: /home/lohith/yolobot/install/yolov8_msgs/share/yolov8_msgs/local_setup.dsv
[24.330s] -- Installing: /home/lohith/yolobot/install/yolov8_msgs/share/yolov8_msgs/package.dsv
[24.330s] -- Installing: /home/lohith/yolobot/install/yolov8_msgs/share/ament_index/resource_index/packages/yolov8_msgs
[24.330s] -- Installing: /home/lohith/yolobot/install/yolov8_msgs/share/yolov8_msgs/cmake/export_yolov8_msgs__rosidl_generator_cExport.cmake
[24.330s] -- Installing: /home/lohith/yolobot/install/yolov8_msgs/share/yolov8_msgs/cmake/export_yolov8_msgs__rosidl_generator_cExport-noconfig.cmake
[24.331s] -- Installing: /home/lohith/yolobot/install/yolov8_msgs/share/yolov8_msgs/cmake/export_yolov8_msgs__rosidl_typesupport_fastrtps_cExport.cmake
[24.331s] -- Installing: /home/lohith/yolobot/install/yolov8_msgs/share/yolov8_msgs/cmake/export_yolov8_msgs__rosidl_typesupport_fastrtps_cExport-noconfig.cmake
[24.331s] -- Installing: /home/lohith/yolobot/install/yolov8_msgs/share/yolov8_msgs/cmake/export_yolov8_msgs__rosidl_generator_cppExport.cmake
[24.332s] -- Installing: /home/lohith/yolobot/install/yolov8_msgs/share/yolov8_msgs/cmake/export_yolov8_msgs__rosidl_typesupport_fastrtps_cppExport.cmake
[24.332s] -- Installing: /home/lohith/yolobot/install/yolov8_msgs/share/yolov8_msgs/cmake/export_yolov8_msgs__rosidl_typesupport_fastrtps_cppExport-noconfig.cmake
[24.332s] -- Installing: /home/lohith/yolobot/install/yolov8_msgs/share/yolov8_msgs/cmake/yolov8_msgs__rosidl_typesupport_introspection_cExport.cmake
[24.332s] -- Installing: /home/lohith/yolobot/install/yolov8_msgs/share/yolov8_msgs/cmake/yolov8_msgs__rosidl_typesupport_introspection_cExport-noconfig.cmake
[24.333s] -- Installing: /home/lohith/yolobot/install/yolov8_msgs/share/yolov8_msgs/cmake/yolov8_msgs__rosidl_typesupport_cExport.cmake
[24.333s] -- Installing: /home/lohith/yolobot/install/yolov8_msgs/share/yolov8_msgs/cmake/yolov8_msgs__rosidl_typesupport_cExport-noconfig.cmake
[24.333s] -- Installing: /home/lohith/yolobot/install/yolov8_msgs/share/yolov8_msgs/cmake/yolov8_msgs__rosidl_typesupport_introspection_cppExport.cmake
[24.334s] -- Installing: /home/lohith/yolobot/install/yolov8_msgs/share/yolov8_msgs/cmake/yolov8_msgs__rosidl_typesupport_introspection_cppExport-noconfig.cmake
[24.334s] -- Installing: /home/lohith/yolobot/install/yolov8_msgs/share/yolov8_msgs/cmake/yolov8_msgs__rosidl_typesupport_cppExport.cmake
[24.334s] -- Installing: /home/lohith/yolobot/install/yolov8_msgs/share/yolov8_msgs/cmake/yolov8_msgs__rosidl_typesupport_cppExport-noconfig.cmake
[24.334s] -- Installing: /home/lohith/yolobot/install/yolov8_msgs/share/yolov8_msgs/cmake/export_yolov8_msgs__rosidl_generator_pyExport.cmake
[24.335s] -- Installing: /home/lohith/yolobot/install/yolov8_msgs/share/yolov8_msgs/cmake/export_yolov8_msgs__rosidl_generator_pyExport-noconfig.cmake
[24.335s] -- Installing: /home/lohith/yolobot/install/yolov8_msgs/share/yolov8_msgs/cmake/rosidl_cmake-extras.cmake
[24.335s] -- Installing: /home/lohith/yolobot/install/yolov8_msgs/share/yolov8_msgs/cmake/ament_cmake_export_dependencies-extras.cmake
[24.335s] -- Installing: /home/lohith/yolobot/install/yolov8_msgs/share/yolov8_msgs/cmake/ament_cmake_export_include_directories-extras.cmake
[24.335s] -- Installing: /home/lohith/yolobot/install/yolov8_msgs/share/yolov8_msgs/cmake/ament_cmake_export_libraries-extras.cmake
[24.336s] -- Installing: /home/lohith/yolobot/install/yolov8_msgs/share/yolov8_msgs/cmake/ament_cmake_export_targets-extras.cmake
[24.336s] -- Installing: /home/lohith/yolobot/install/yolov8_msgs/share/yolov8_msgs/cmake/rosidl_cmake_export_typesupport_targets-extras.cmake
[24.336s] -- Installing: /home/lohith/yolobot/install/yolov8_msgs/share/yolov8_msgs/cmake/rosidl_cmake_export_typesupport_libraries-extras.cmake
[24.336s] -- Installing: /home/lohith/yolobot/install/yolov8_msgs/share/yolov8_msgs/cmake/yolov8_msgsConfig.cmake
[24.337s] -- Installing: /home/lohith/yolobot/install/yolov8_msgs/share/yolov8_msgs/cmake/yolov8_msgsConfig-version.cmake
[24.337s] -- Installing: /home/lohith/yolobot/install/yolov8_msgs/share/yolov8_msgs/package.xml
[24.342s] Invoked command in '/home/lohith/yolobot/build/yolov8_msgs' returned '0': CMAKE_PREFIX_PATH=${CMAKE_PREFIX_PATH}:/home/lohith/ros2_ws/install/whisper_demos:/home/lohith/ros2_ws/install/move_robot_square:/home/lohith/ros2_ws/install/diff_drive_square:/home/lohith/ros2_ws/install/audio_listener:/home/lohith/install/turtlesim_goal:/home/lohith/install/turtlebot3_pid_control:/home/lohith/install/second_pkg:/home/lohith/install/robot_math:/home/lohith/install/my_py_pkg:/home/lohith/install/my_py1_pkg:/home/lohith/install/lidar_reader:/home/lohith/install/hello_pkg:/home/lohith/install/fouth_pkg:/home/lohith/install/first_pkg:/home/lohith/install/differential_drive_sim:/home/lohith/install/controller:/home/lohith/install/Third_pkg:/opt/ros/humble /usr/bin/cmake --install /home/lohith/yolobot/build/yolov8_msgs
